Welcome to LongAh!
 /$$                                      /$$$$$$  /$$       /$$
| $$                                     /$$__  $$| $$      | $$
| $$        /$$$$$$  /$$$$$$$   /$$$$$$ | $$  \ $$| $$$$$$$ | $$
| $$       /$$__  $$| $$__  $$ /$$__  $$| $$$$$$$$| $$__  $$| $$
| $$      | $$  \ $$| $$  \ $$| $$  \ $$| $$__  $$| $$  \ $$|__/
| $$      | $$  | $$| $$  | $$| $$  | $$| $$  | $$| $$  | $$
| $$$$$$$$|  $$$$$$/| $$  | $$|  $$$$$$$| $$  | $$| $$  | $$ /$$
|________/ \______/ |__/  |__/ \____  $$|__/  |__/|__/  |__/|__/
                               /$$  \ $$
                              |  $$$$$$/
                               \______/
Thanks for choosing LongAh! Never worry about owing money during the Year of the Dragon!
Enter your PIN: Goodbye! Hope to see you again soon!
