Welcome to LongAh!
 /$$                                      /$$$$$$  /$$       /$$
| $$                                     /$$__  $$| $$      | $$
| $$        /$$$$$$  /$$$$$$$   /$$$$$$ | $$  \ $$| $$$$$$$ | $$
| $$       /$$__  $$| $$__  $$ /$$__  $$| $$$$$$$$| $$__  $$| $$
| $$      | $$  \ $$| $$  \ $$| $$  \ $$| $$__  $$| $$  \ $$|__/
| $$      | $$  | $$| $$  | $$| $$  | $$| $$  | $$| $$  | $$
| $$$$$$$$|  $$$$$$/| $$  | $$|  $$$$$$$| $$  | $$| $$  | $$ /$$
|________/ \______/ |__/  |__/ \____  $$|__/  |__/|__/  |__/|__/
                               /$$  \ $$
                              |  $$$$$$/
                               \______/
Thanks for choosing LongAh! Never worry about owing money during the Year of the Dragon!
Error reading saved PIN and authentication enabled state.
Create your 6-digit PIN:
PIN saved successfully! You can enter 'pin enable' to enable authentication upon startup.
No groups found. Please give a name for your first group or enter 'exit' or 'close' to exit LongAh.
Goodbye! Hope to see you again soon!
